\BOOKMARK [1][-]{section.1}{\376\377\000I\000n\000t\000r\000o\000d\000u\000c\000t\000i\000o\000n}{}% 1
\BOOKMARK [1][-]{section.2}{\376\377\000F\000o\000r\000m\000u\000l\000a\000t\000i\000o\000n}{}% 2
\BOOKMARK [2][-]{subsection.2.1}{\376\377\000W\000h\000e\000r\000e\000\040\000t\000h\000e\000\040\000F\000a\000n\000-\000o\000u\000t\000\040\000I\000s\000\040\000P\000a\000i\000d}{section.2}% 3
\BOOKMARK [1][-]{section.3}{\376\377\000M\000e\000t\000h\000o\000d}{}% 4
\BOOKMARK [2][-]{subsection.3.1}{\376\377\000R\000a\000d\000i\000x\000\040\000P\000r\000u\000n\000e\000:\000\040\000P\000r\000e\000f\000i\000x\000\040\000Q\000u\000a\000l\000i\000t\000y\000\040\000a\000n\000d\000\040\000C\000a\000c\000h\000e\000\040\000H\000i\000t\000\040\000R\000a\000t\000e}{section.3}% 5
\BOOKMARK [2][-]{subsection.3.2}{\376\377\000D\000e\000c\000o\000d\000e\000\040\000P\000r\000u\000n\000e\000:\000\040\000H\000i\000g\000h\000\040\000R\000e\000w\000a\000r\000d\000\040\000o\000n\000\040\000t\000h\000e\000\040\000T\000o\000T}{section.3}% 6
\BOOKMARK [1][-]{section.4}{\376\377\000E\000x\000p\000e\000r\000i\000m\000e\000n\000t\000s}{}% 7
\BOOKMARK [1][-]{section.5}{\376\377\000R\000e\000l\000a\000t\000e\000d\000\040\000W\000o\000r\000k}{}% 8
\BOOKMARK [1][-]{section.6}{\376\377\000C\000o\000n\000c\000l\000u\000s\000i\000o\000n}{}% 9
\BOOKMARK [1][-]{appendix.A}{\376\377\000B\000a\000c\000k\000g\000r\000o\000u\000n\000d}{}% 10
\BOOKMARK [2][-]{subsection.A.1}{\376\377\000P\000a\000r\000a\000l\000l\000e\000l\000\040\000R\000e\000a\000s\000o\000n\000i\000n\000g\000\040\000a\000s\000\040\000a\000\040\000F\000a\000n\000-\000o\000u\000t}{appendix.A}% 11
\BOOKMARK [2][-]{subsection.A.2}{\376\377\000D\000e\000c\000o\000d\000e\000-\000T\000i\000m\000e\000\040\000P\000a\000t\000h\000\040\000P\000r\000u\000n\000i\000n\000g}{appendix.A}% 12
\BOOKMARK [2][-]{subsection.A.3}{\376\377\000P\000r\000e\000f\000i\000x\000\040\000C\000a\000c\000h\000i\000n\000g\000\040\000a\000n\000d\000\040\000D\000i\000s\000a\000g\000g\000r\000e\000g\000a\000t\000e\000d\000\040\000T\000r\000a\000n\000s\000f\000e\000r}{appendix.A}% 13
\BOOKMARK [2][-]{subsection.A.4}{\376\377\000P\000r\000e\000f\000i\000l\000l\000,\000\040\000D\000e\000c\000o\000d\000e\000,\000\040\000a\000n\000d\000\040\000I\000d\000l\000e}{appendix.A}% 14
\BOOKMARK [2][-]{subsection.A.5}{\376\377\000T\000r\000a\000d\000i\000t\000i\000o\000n\000a\000l\000\040\000M\000e\000t\000h\000o\000d\000s\000\040\000o\000n\000\040\000a\000\040\000F\000a\000n\000-\000o\000u\000t}{appendix.A}% 15
\BOOKMARK [2][-]{subsection.A.6}{\376\377\000F\000a\000n\000-\000o\000u\000t\000\040\000M\000o\000d\000e\000l}{appendix.A}% 16
\BOOKMARK [1][-]{appendix.B}{\376\377\000S\000y\000s\000t\000e\000m\000\040\000D\000e\000t\000a\000i\000l}{}% 17
\BOOKMARK [2][-]{subsection.B.1}{\376\377\000A\000P\000I}{appendix.B}% 18
\BOOKMARK [2][-]{subsection.B.2}{\376\377\000C\000o\000p\000y\000-\000o\000n\000-\000W\000r\000i\000t\000e\000\040\000C\000o\000n\000t\000e\000x\000t\000\040\000T\000r\000e\000e}{appendix.B}% 19
\BOOKMARK [2][-]{subsection.B.3}{\376\377\000A\000d\000m\000i\000s\000s\000i\000o\000n\000\040\000a\000n\000d\000\040\000C\000o\000m\000m\000i\000t}{appendix.B}% 20
\BOOKMARK [2][-]{subsection.B.4}{\376\377\000A\000d\000m\000i\000s\000s\000i\000o\000n\000\040\000R\000u\000l\000e}{appendix.B}% 21
\BOOKMARK [2][-]{subsection.B.5}{\376\377\000S\000e\000p\000a\000r\000a\000t\000e\000\040\000P\000r\000e\000f\000i\000l\000l\000\040\000a\000n\000d\000\040\000D\000e\000c\000o\000d\000e\000\040\000T\000h\000r\000e\000s\000h\000o\000l\000d\000s}{appendix.B}% 22
\BOOKMARK [2][-]{subsection.B.6}{\376\377\000C\000r\000i\000t\000i\000c\000a\000l\000-\000P\000a\000t\000h\000\040\000P\000l\000a\000c\000e\000m\000e\000n\000t}{appendix.B}% 23
\BOOKMARK [1][-]{appendix.C}{\376\377\000F\000u\000l\000l\000\040\000E\000v\000a\000l\000u\000a\000t\000i\000o\000n}{}% 24
\BOOKMARK [2][-]{subsection.C.1}{\376\377\000G\000P\000U\000\040\000f\000o\000r\000e\000s\000t}{appendix.C}% 25
\BOOKMARK [2][-]{subsection.C.2}{\376\377\000P\000r\000e\000f\000i\000l\000l\000\040\000p\000r\000u\000n\000i\000n\000g}{appendix.C}% 26
\BOOKMARK [2][-]{subsection.C.3}{\376\377\000D\000e\000c\000o\000d\000i\000n\000g\000,\000\040\000p\000r\000e\000f\000i\000l\000l\000,\000\040\000a\000n\000d\000\040\000t\000h\000e\000\040\000c\000o\000m\000b\000i\000n\000a\000t\000i\000o\000n}{appendix.C}% 27
\BOOKMARK [2][-]{subsection.C.4}{\376\377\000S\000c\000o\000r\000e\000-\000b\000a\000s\000e\000d\000\040\000a\000d\000m\000i\000s\000s\000i\000o\000n}{appendix.C}% 28
\BOOKMARK [2][-]{subsection.C.5}{\376\377\000G\000P\000U\000\040\000P\000D\000-\000P\000r\000u\000n\000e\000+}{appendix.C}% 29
\BOOKMARK [2][-]{subsection.C.6}{\376\377\000M\000u\000l\000t\000i\000-\000t\000u\000r\000n\000\040\000T\000r\000e\000e\000-\000o\000f\000-\000T\000h\000o\000u\000g\000h\000t\000s}{appendix.C}% 30
\BOOKMARK [2][-]{subsection.C.7}{\376\377\000C\000r\000o\000s\000s\000-\000m\000o\000d\000e\000l\000\040\000f\000o\000r\000e\000s\000t}{appendix.C}% 31
\BOOKMARK [2][-]{subsection.C.8}{\376\377\000P\000a\000r\000a\000m\000e\000t\000e\000r\000\040\000g\000r\000i\000d\000\040\000a\000n\000d\000\040\000w\000i\000d\000e\000\040\000f\000a\000n\000-\000o\000u\000t}{appendix.C}% 32
\BOOKMARK [2][-]{subsection.C.9}{\376\377\000B\000r\000a\000n\000c\000h\000i\000n\000g\000,\000\040\000p\000r\000u\000n\000i\000n\000g\000,\000\040\000a\000n\000d\000\040\000l\000o\000n\000g\000\040\000t\000r\000a\000c\000e\000s}{appendix.C}% 33
\BOOKMARK [1][-]{appendix.D}{\376\377\000F\000u\000l\000l\000\040\000A\000b\000l\000a\000t\000i\000o\000n\000\040\000T\000a\000b\000l\000e\000s}{}% 34
\BOOKMARK [2][-]{subsection.D.1}{\376\377\000H\000o\000s\000t\000\040\000\040\000p\000r\000e\000\040\000\040\000k\000\040\000\050\000G\000S\000M\0008\000K\000\051}{appendix.D}% 35
\BOOKMARK [2][-]{subsection.D.2}{\376\377\000P\000r\000e\000f\000i\000l\000l\000-\000o\000n\000l\000y\000\040\000E\000S\000C\000\040\000b\000a\000r\000s}{appendix.D}% 36
\BOOKMARK [2][-]{subsection.D.3}{\376\377\000D\000e\000c\000o\000d\000e\000-\000o\000n\000l\000y\000,\000\040\000p\000r\000e\000f\000i\000l\000l\000-\000o\000n\000l\000y\000,\000\040\000a\000n\000d\000\040\000c\000o\000m\000b\000i\000n\000e\000d\000\040\000\050\000k\000=\0001\0006\000\051}{appendix.D}% 37
\BOOKMARK [2][-]{subsection.D.4}{\376\377\000A\000d\000m\000i\000s\000s\000i\000o\000n\000\040\000p\000o\000l\000i\000c\000y\000:\000\040\000s\000c\000o\000r\000e\000\040\000b\000a\000r\000\040\000v\000s\000.\000\040\000w\000i\000n\000n\000e\000r\000-\000o\000n\000l\000y}{appendix.D}% 38
\BOOKMARK [2][-]{subsection.D.5}{\376\377\000M\000A\000T\000H\000-\0005\0000\0000\000:\000\040\000b\000l\000a\000n\000k\000e\000t\000\040\000d\000r\000o\000p\000\040\000v\000s\000.\000\040\000l\000o\000o\000p\000-\000o\000n\000l\000y\000\040\000v\000s\000.\000\040\000p\000r\000o\000b\000e}{appendix.D}% 39
\BOOKMARK [2][-]{subsection.D.6}{\376\377\000T\000o\000k\000e\000n\000\040\000i\000d\000e\000n\000t\000i\000t\000y\000\040\000c\000h\000e\000c\000k\000s}{appendix.D}% 40
\BOOKMARK [1][-]{appendix.E}{\376\377\000E\000x\000t\000e\000n\000d\000e\000d\000\040\000R\000e\000l\000a\000t\000e\000d\000\040\000W\000o\000r\000k}{}% 41
