\BOOKMARK [1][-]{section.1}{\376\377\000I\000n\000t\000r\000o\000d\000u\000c\000t\000i\000o\000n}{}% 1
\BOOKMARK [1][-]{section.2}{\376\377\000B\000a\000c\000k\000g\000r\000o\000u\000n\000d}{}% 2
\BOOKMARK [1][-]{section.3}{\376\377\000P\000D\000-\000P\000r\000u\000n\000e}{}% 3
\BOOKMARK [2][-]{subsection.3.1}{\376\377\000P\000r\000e\000l\000i\000m\000i\000n\000a\000r\000y}{section.3}% 4
\BOOKMARK [2][-]{subsection.3.2}{\376\377\000D\000i\000s\000a\000g\000g\000r\000e\000g\000a\000t\000e\000d\000\040\000P\000r\000e\000f\000i\000l\000l\000\040\000a\000n\000d\000\040\000D\000e\000c\000o\000d\000e\000\040\000P\000r\000u\000n\000i\000n\000g}{section.3}% 5
\BOOKMARK [3][-]{subsubsection.3.2.1}{\376\377\000S\000t\000a\000g\000e\000\040\000I\000:\000\040\000A\000d\000m\000i\000s\000s\000i\000o\000n}{subsection.3.2}% 6
\BOOKMARK [3][-]{subsubsection.3.2.2}{\376\377\000S\000t\000a\000g\000e\000\040\000I\000I\000:\000\040\000P\000r\000e\000f\000i\000l\000l\000\040\000a\000n\000d\000\040\000D\000i\000s\000a\000g\000g\000r\000e\000g\000a\000t\000e\000d\000\040\000I\000n\000s\000e\000r\000t}{subsection.3.2}% 7
\BOOKMARK [3][-]{subsubsection.3.2.3}{\376\377\000S\000t\000a\000g\000e\000\040\000I\000I\000I\000:\000\040\000P\000r\000o\000b\000e\000\040\000a\000n\000d\000\040\000R\000e\000s\000u\000m\000e}{subsection.3.2}% 8
\BOOKMARK [2][-]{subsection.3.3}{\376\377\000S\000c\000o\000r\000i\000n\000g\000\040\000F\000u\000n\000c\000t\000i\000o\000n\000s}{section.3}% 9
\BOOKMARK [2][-]{subsection.3.4}{\376\377\000C\000o\000m\000p\000a\000t\000i\000b\000i\000l\000i\000t\000y\000\040\000w\000i\000t\000h\000\040\000D\000e\000c\000o\000d\000e\000-\000T\000i\000m\000e\000\040\000H\000o\000s\000t\000s}{section.3}% 10
\BOOKMARK [1][-]{section.4}{\376\377\000R\000e\000l\000a\000t\000e\000d\000\040\000W\000o\000r\000k}{}% 11
\BOOKMARK [1][-]{section.5}{\376\377\000E\000x\000p\000e\000r\000i\000m\000e\000n\000t\000s}{}% 12
\BOOKMARK [2][-]{subsection.5.1}{\376\377\000E\000x\000p\000e\000r\000i\000m\000e\000n\000t\000a\000l\000\040\000S\000e\000t\000u\000p}{section.5}% 13
\BOOKMARK [2][-]{subsection.5.2}{\376\377\000R\000e\000s\000u\000l\000t\000s}{section.5}% 14
\BOOKMARK [2][-]{subsection.5.3}{\376\377\000D\000i\000s\000a\000g\000g\000r\000e\000g\000a\000t\000e\000d\000\040\000S\000e\000a\000r\000c\000h\000\040\000T\000r\000a\000c\000e\000s}{section.5}% 15
\BOOKMARK [1][-]{section.6}{\376\377\000D\000i\000s\000c\000u\000s\000s\000i\000o\000n}{}% 16
\BOOKMARK [1][-]{section.7}{\376\377\000L\000i\000m\000i\000t\000a\000t\000i\000o\000n\000s}{}% 17
\BOOKMARK [1][-]{appendix.A}{\376\377\000A\000d\000d\000i\000t\000i\000o\000n\000a\000l\000\040\000D\000e\000t\000a\000i\000l\000s}{}% 18
\BOOKMARK [1][-]{appendix.B}{\376\377\000S\000c\000o\000r\000e\000\040\000F\000u\000n\000c\000t\000i\000o\000n\000s}{}% 19
\BOOKMARK [1][-]{appendix.C}{\376\377\000P\000r\000o\000o\000f\000\040\000o\000f\000\040\000P\000r\000o\000p\000o\000s\000i\000t\000i\000o\000n\000\040\0001}{}% 20
\BOOKMARK [1][-]{appendix.D}{\376\377\000T\000o\000k\000e\000n\000\040\000A\000c\000c\000o\000u\000n\000t\000i\000n\000g}{}% 21
\BOOKMARK [1][-]{appendix.E}{\376\377\000F\000a\000n\000-\000o\000u\000t\000\040\000W\000i\000d\000t\000h}{}% 22
\BOOKMARK [1][-]{appendix.F}{\376\377\000P\000r\000o\000b\000e\000\040\000S\000w\000e\000e\000p}{}% 23
\BOOKMARK [1][-]{appendix.G}{\376\377\000H\000o\000s\000t\000\040\000C\000u\000t\000s}{}% 24
\BOOKMARK [1][-]{appendix.H}{\376\377\000C\000o\000n\000n\000e\000c\000t\000o\000r\000\040\000A\000c\000c\000o\000u\000n\000t\000i\000n\000g}{}% 25
\BOOKMARK [1][-]{appendix.I}{\376\377\000W\000i\000n\000n\000e\000r\000-\000O\000n\000l\000y\000\040\000A\000d\000m\000i\000s\000s\000i\000o\000n}{}% 26
\BOOKMARK [1][-]{appendix.J}{\376\377\000W\000o\000r\000k\000e\000d\000\040\000R\000e\000s\000i\000d\000u\000a\000l\000s}{}% 27
\BOOKMARK [1][-]{appendix.K}{\376\377\000M\000e\000m\000o\000r\000y\000\040\000a\000n\000d\000\040\000O\000f\000f\000e\000r\000e\000d\000\040\000L\000o\000a\000d}{}% 28
